// Jest Snapshot v1, https://goo.gl/fbAQLP

exports[`getData Корректное значение 1`] = `
[
  {
    "avatar_url": "https://avatars.githubusercontent.com/u/170270?v=4",
    "events_url": "https://api.github.com/users/sindresorhus/events{/privacy}",
    "followers_url": "https://api.github.com/users/sindresorhus/followers",
    "following_url": "https://api.github.com/users/sindresorhus/following{/other_user}",
    "gists_url": "https://api.github.com/users/sindresorhus/gists{/gist_id}",
    "gravatar_id": "",
    "html_url": "https://github.com/sindresorhus",
    "id": 170270,
    "login": "sindresorhus",
    "node_id": "MDQ6VXNlcjE3MDI3MA==",
    "organizations_url": "https://api.github.com/users/sindresorhus/orgs",
    "received_events_url": "https://api.github.com/users/sindresorhus/received_events",
    "repos_url": "https://api.github.com/users/sindresorhus/repos",
    "score": 1,
    "site_admin": false,
    "starred_url": "https://api.github.com/users/sindresorhus/starred{/owner}{/repo}",
    "subscriptions_url": "https://api.github.com/users/sindresorhus/subscriptions",
    "type": "User",
    "url": "https://api.github.com/users/sindresorhus",
  },
  {
    "avatar_url": "https://avatars.githubusercontent.com/u/66577?v=4",
    "events_url": "https://api.github.com/users/JakeWharton/events{/privacy}",
    "followers_url": "https://api.github.com/users/JakeWharton/followers",
    "following_url": "https://api.github.com/users/JakeWharton/following{/other_user}",
    "gists_url": "https://api.github.com/users/JakeWharton/gists{/gist_id}",
    "gravatar_id": "",
    "html_url": "https://github.com/JakeWharton",
    "id": 66577,
    "login": "JakeWharton",
    "node_id": "MDQ6VXNlcjY2NTc3",
    "organizations_url": "https://api.github.com/users/JakeWharton/orgs",
    "received_events_url": "https://api.github.com/users/JakeWharton/received_events",
    "repos_url": "https://api.github.com/users/JakeWharton/repos",
    "score": 1,
    "site_admin": false,
    "starred_url": "https://api.github.com/users/JakeWharton/starred{/owner}{/repo}",
    "subscriptions_url": "https://api.github.com/users/JakeWharton/subscriptions",
    "type": "User",
    "url": "https://api.github.com/users/JakeWharton",
  },
  {
    "avatar_url": "https://avatars.githubusercontent.com/u/54322854?v=4",
    "events_url": "https://api.github.com/users/rafaballerini/events{/privacy}",
    "followers_url": "https://api.github.com/users/rafaballerini/followers",
    "following_url": "https://api.github.com/users/rafaballerini/following{/other_user}",
    "gists_url": "https://api.github.com/users/rafaballerini/gists{/gist_id}",
    "gravatar_id": "",
    "html_url": "https://github.com/rafaballerini",
    "id": 54322854,
    "login": "rafaballerini",
    "node_id": "MDQ6VXNlcjU0MzIyODU0",
    "organizations_url": "https://api.github.com/users/rafaballerini/orgs",
    "received_events_url": "https://api.github.com/users/rafaballerini/received_events",
    "repos_url": "https://api.github.com/users/rafaballerini/repos",
    "score": 1,
    "site_admin": false,
    "starred_url": "https://api.github.com/users/rafaballerini/starred{/owner}{/repo}",
    "subscriptions_url": "https://api.github.com/users/rafaballerini/subscriptions",
    "type": "User",
    "url": "https://api.github.com/users/rafaballerini",
  },
]
`;
